[    0.000000] kernel: Linux version 6.6.87.2-microsoft-standard-WSL2 (root@439a258ad544) (gcc (GCC) 11.2.0, GNU ld (GNU Binutils) 2.37) #1 SMP PREEMPT_DYNAMIC Thu Jun  5 18:30:46 UTC 2025
[    0.000000] kernel: Command line: initrd=\initrd.img WSL_ROOT_INIT=1 panic=-1 nr_cpus=16 hv_utils.timesync_implicit=1 console=hvc0 debug pty.legacy_count=0 WSL_ENABLE_CRASH_DUMP=1
[    0.000000] kernel: KERNEL supported cpus:
[    0.000000] kernel:   Intel GenuineIntel
[    0.000000] kernel:   AMD AuthenticAMD
[    0.000000] kernel: BIOS-provided physical RAM map:
[    0.000000] kernel: BIOS-e820: [mem 0x0000000000000000-0x000000000009ffff] usable
[    0.000000] kernel: BIOS-e820: [mem 0x00000000000e0000-0x00000000000e0fff] reserved
[    0.000000] kernel: BIOS-e820: [mem 0x0000000000100000-0x00000000001fffff] ACPI data
[    0.000000] kernel: BIOS-e820: [mem 0x0000000000200000-0x00000000f7ffffff] usable
[    0.000000] kernel: BIOS-e820: [mem 0x0000000100000000-0x00000001fe1fffff] usable
[    0.000000] kernel: NX (Execute Disable) protection: active
[    0.000000] kernel: APIC: Static calls initialized
[    0.000000] kernel: DMI not present or invalid.
[    0.000000] kernel: Hypervisor detected: Microsoft Hyper-V
[    0.000000] kernel: Hyper-V: privilege flags low 0xae7f, high 0x3b8030, hints 0x9a4e24, misc 0xe0bed7b2
[    0.000000] kernel: Hyper-V: Nested features: 0x3e0101
[    0.000000] kernel: Hyper-V: LAPIC Timer Frequency: 0xc3500
[    0.000000] kernel: Hyper-V: Using hypercall for remote TLB flush
[    0.000000] kernel: clocksource: hyperv_clocksource_tsc_page: mask: 0xffffffffffffffff max_cycles: 0x24e6a1710, max_idle_ns: 440795202120 ns
[    0.000000] kernel: clocksource: hyperv_clocksource_msr: mask: 0xffffffffffffffff max_cycles: 0x24e6a1710, max_idle_ns: 440795202120 ns
[    0.000000] kernel: tsc: Detected 2611.212 MHz processor
[    0.000101] kernel: e820: update [mem 0x00000000-0x00000fff] usable ==> reserved
[    0.000106] kernel: e820: remove [mem 0x000a0000-0x000fffff] usable
[    0.000112] kernel: last_pfn = 0x1fe200 max_arch_pfn = 0x400000000
[    0.000146] kernel: MTRR map: 5 entries (4 fixed + 1 variable; max 20), built from 8 variable MTRRs
[    0.000150] kernel: x86/PAT: Configuration [0-7]: WB  WC  UC- UC  WB  WP  UC- WT
[    0.000206] kernel: last_pfn = 0xf8000 max_arch_pfn = 0x400000000
[    0.000229] kernel: Using GB pages for direct mapping
[    0.000545] kernel: RAMDISK: [mem 0x04be4000-0x04e7dfff]
[    0.000549] kernel: ACPI: Early table checksum verification disabled
[    0.000554] kernel: ACPI: RSDP 0x00000000000E0000 000024 (v02 VRTUAL)
[    0.000562] kernel: ACPI: XSDT 0x0000000000100000 000044 (v01 VRTUAL MICROSFT 00000001 MSFT 00000001)
[    0.000571] kernel: ACPI: FACP 0x0000000000101000 000114 (v06 VRTUAL MICROSFT 00000001 MSFT 00000001)
[    0.000580] kernel: ACPI: DSDT 0x00000000001011B8 01E11C (v02 MSFTVM DSDT01   00000001 INTL 20230628)
[    0.000586] kernel: ACPI: FACS 0x0000000000101114 000040
[    0.000590] kernel: ACPI: OEM0 0x0000000000101154 000064 (v01 VRTUAL MICROSFT 00000001 MSFT 00000001)
[    0.000596] kernel: ACPI: SRAT 0x000000000011F2D4 0003B0 (v02 VRTUAL MICROSFT 00000001 MSFT 00000001)
[    0.000601] kernel: ACPI: APIC 0x000000000011F684 0000C8 (v04 VRTUAL MICROSFT 00000001 MSFT 00000001)
[    0.000605] kernel: ACPI: Reserving FACP table memory at [mem 0x101000-0x101113]
[    0.000607] kernel: ACPI: Reserving DSDT table memory at [mem 0x1011b8-0x11f2d3]
[    0.000608] kernel: ACPI: Reserving FACS table memory at [mem 0x101114-0x101153]
[    0.000609] kernel: ACPI: Reserving OEM0 table memory at [mem 0x101154-0x1011b7]
[    0.000610] kernel: ACPI: Reserving SRAT table memory at [mem 0x11f2d4-0x11f683]
[    0.000611] kernel: ACPI: Reserving APIC table memory at [mem 0x11f684-0x11f74b]
[    0.000654] kernel: SRAT: PXM 0 -> APIC 0x00 -> Node 0
[    0.000656] kernel: SRAT: PXM 0 -> APIC 0x01 -> Node 0
[    0.000657] kernel: SRAT: PXM 0 -> APIC 0x02 -> Node 0
[    0.000658] kernel: SRAT: PXM 0 -> APIC 0x03 -> Node 0
[    0.000659] kernel: SRAT: PXM 0 -> APIC 0x04 -> Node 0
[    0.000660] kernel: SRAT: PXM 0 -> APIC 0x05 -> Node 0
[    0.000661] kernel: SRAT: PXM 0 -> APIC 0x06 -> Node 0
[    0.000661] kernel: SRAT: PXM 0 -> APIC 0x07 -> Node 0
[    0.000662] kernel: SRAT: PXM 0 -> APIC 0x08 -> Node 0
[    0.000663] kernel: SRAT: PXM 0 -> APIC 0x09 -> Node 0
[    0.000664] kernel: SRAT: PXM 0 -> APIC 0x0a -> Node 0
[    0.000665] kernel: SRAT: PXM 0 -> APIC 0x0b -> Node 0
[    0.000665] kernel: SRAT: PXM 0 -> APIC 0x0c -> Node 0
[    0.000666] kernel: SRAT: PXM 0 -> APIC 0x0d -> Node 0
[    0.000667] kernel: SRAT: PXM 0 -> APIC 0x0e -> Node 0
[    0.000668] kernel: SRAT: PXM 0 -> APIC 0x0f -> Node 0
[    0.000671] kernel: ACPI: SRAT: Node 0 PXM 0 [mem 0x00000000-0xf7ffffff] hotplug
[    0.000674] kernel: ACPI: SRAT: Node 0 PXM 0 [mem 0x100000000-0x1fe1fffff] hotplug
[    0.000676] kernel: ACPI: SRAT: Node 0 PXM 0 [mem 0x1fe200000-0x9ffdfffff] hotplug
[    0.000677] kernel: ACPI: SRAT: Node 0 PXM 0 [mem 0x1000000000-0xffffffffff] hotplug
[    0.000679] kernel: ACPI: SRAT: Node 0 PXM 0 [mem 0x10000000000-0x1ffffffffff] hotplug
[    0.000680] kernel: ACPI: SRAT: Node 0 PXM 0 [mem 0x20000000000-0x3ffffffffff] hotplug
[    0.000681] kernel: ACPI: SRAT: Node 0 PXM 0 [mem 0x40000000000-0x7ffffffffff] hotplug
[    0.000682] kernel: ACPI: SRAT: Node 0 PXM 0 [mem 0x80000000000-0xfffffffffff] hotplug
[    0.000684] kernel: ACPI: SRAT: Node 0 PXM 0 [mem 0x100000000000-0x1fffffffffff] hotplug
[    0.000685] kernel: ACPI: SRAT: Node 0 PXM 0 [mem 0x200000000000-0x3fffffffffff] hotplug
[    0.000686] kernel: ACPI: SRAT: Node 0 PXM 0 [mem 0x400000000000-0x7fffffffffff] hotplug
[    0.000687] kernel: ACPI: SRAT: Node 0 PXM 0 [mem 0x800000000000-0xffffffffffff] hotplug
[    0.000689] kernel: ACPI: SRAT: Node 0 PXM 0 [mem 0x1000000000000-0x1ffffffffffff] hotplug
[    0.000690] kernel: ACPI: SRAT: Node 0 PXM 0 [mem 0x2000000000000-0x3ffffffffffff] hotplug
[    0.000691] kernel: ACPI: SRAT: Node 0 PXM 0 [mem 0x4000000000000-0x7ffffffffffff] hotplug
[    0.000693] kernel: ACPI: SRAT: Node 0 PXM 0 [mem 0x8000000000000-0xfffffffffffff] hotplug
[    0.000697] kernel: NUMA: Node 0 [mem 0x00000000-0xf7ffffff] + [mem 0x100000000-0x1fe1fffff] -> [mem 0x00000000-0x1fe1fffff]
[    0.000705] kernel: NODE_DATA(0) allocated [mem 0x1fe1dd000-0x1fe1fefff]
[    0.000848] kernel: Zone ranges:
[    0.000849] kernel:   DMA32    [mem 0x0000000000001000-0x00000000ffffffff]
[    0.000852] kernel:   Normal   [mem 0x0000000100000000-0x00000001fe1fffff]
[    0.000854] kernel:   Device   empty
[    0.000856] kernel: Movable zone start for each node
[    0.000858] kernel: Early memory node ranges
[    0.000858] kernel:   node   0: [mem 0x0000000000001000-0x000000000009ffff]
[    0.000860] kernel:   node   0: [mem 0x0000000000200000-0x00000000f7ffffff]
[    0.000862] kernel:   node   0: [mem 0x0000000100000000-0x00000001fe1fffff]
[    0.000864] kernel: Initmem setup node 0 [mem 0x0000000000001000-0x00000001fe1fffff]
[    0.000924] kernel: On node 0, zone DMA32: 1 pages in unavailable ranges
[    0.051008] kernel: On node 0, zone DMA32: 352 pages in unavailable ranges
[    0.053452] kernel: On node 0, zone Normal: 7680 pages in unavailable ranges
[    0.053539] kernel: ACPI: PM-Timer IO Port: 0x408
[    0.053565] kernel: ACPI: LAPIC_NMI (acpi_id[0x01] dfl dfl lint[0x1])
[    0.054091] kernel: IOAPIC[0]: apic_id 16, version 17, address 0xfec00000, GSI 0-23
[    0.054100] kernel: ACPI: INT_SRC_OVR (bus 0 bus_irq 9 global_irq 9 high level)
[    0.054111] kernel: ACPI: Using ACPI (MADT) for SMP configuration information
[    0.054115] kernel: TSC deadline timer available
[    0.054117] kernel: smpboot: Allowing 16 CPUs, 0 hotplug CPUs
[    0.054136] kernel: PM: hibernation: Registered nosave memory: [mem 0x00000000-0x00000fff]
[    0.054139] kernel: PM: hibernation: Registered nosave memory: [mem 0x000a0000-0x000dffff]
[    0.054141] kernel: PM: hibernation: Registered nosave memory: [mem 0x000e0000-0x000e0fff]
[    0.054142] kernel: PM: hibernation: Registered nosave memory: [mem 0x000e1000-0x000fffff]
[    0.054143] kernel: PM: hibernation: Registered nosave memory: [mem 0x00100000-0x001fffff]
[    0.054145] kernel: PM: hibernation: Registered nosave memory: [mem 0xf8000000-0xffffffff]
[    0.054148] kernel: [mem 0xf8000000-0xffffffff] available for PCI devices
[    0.054151] kernel: Booting paravirtualized kernel on Hyper-V
[    0.054155] kernel: clocksource: refined-jiffies: mask: 0xffffffff max_cycles: 0xffffffff, max_idle_ns: 7645519600211568 ns
[    0.054212] kernel: setup_percpu: NR_CPUS:8192 nr_cpumask_bits:16 nr_cpu_ids:16 nr_node_ids:1
[    0.057831] kernel: percpu: Embedded 63 pages/cpu s221184 r8192 d28672 u262144
[    0.057842] kernel: pcpu-alloc: s221184 r8192 d28672 u262144 alloc=1*2097152
[    0.057847] kernel: pcpu-alloc: [0] 00 01 02 03 04 05 06 07 [0] 08 09 10 11 12 13 14 15
[    0.057887] kernel: Hyper-V: PV spinlocks enabled
[    0.057891] kernel: PV qspinlock hash table entries: 256 (order: 0, 4096 bytes, linear)
[    0.057895] kernel: Kernel command line: initrd=\initrd.img WSL_ROOT_INIT=1 panic=-1 nr_cpus=16 hv_utils.timesync_implicit=1 console=hvc0 debug pty.legacy_count=0 WSL_ENABLE_CRASH_DUMP=1
[    0.058055] kernel: Unknown kernel command line parameters "WSL_ROOT_INIT=1 WSL_ENABLE_CRASH_DUMP=1", will be passed to user space.
[    0.058074] kernel: random: crng init done
[    0.065017] kernel: Dentry cache hash table entries: 1048576 (order: 11, 8388608 bytes, linear)
[    0.069100] kernel: Inode-cache hash table entries: 524288 (order: 10, 4194304 bytes, linear)
[    0.069747] kernel: Fallback order for Node 0: 0
[    0.069756] kernel: Built 1 zonelists, mobility grouping on.  Total pages: 2023544
[    0.069759] kernel: Policy zone: Normal
[    0.069775] kernel: mem auto-init: stack:off, heap alloc:on, heap free:off
[    0.069785] kernel: software IO TLB: area num 16.
[    0.142375] kernel: Memory: 4074596K/8225404K available (20480K kernel code, 3457K rwdata, 13496K rodata, 4492K init, 6208K bss, 264468K reserved, 0K cma-reserved)
[    0.142782] kernel: SLUB: HWalign=64, Order=0-3, MinObjects=0, CPUs=16, Nodes=1
[    0.142858] kernel: ftrace: allocating 55808 entries in 218 pages
[    0.153479] kernel: ftrace: allocated 218 pages with 5 groups
[    0.154976] kernel: Dynamic Preempt: none
[    0.155151] kernel: rcu: Preemptible hierarchical RCU implementation.
[    0.155152] kernel: rcu:         RCU restricting CPUs from NR_CPUS=8192 to nr_cpu_ids=16.
[    0.155154] kernel:         Trampoline variant of Tasks RCU enabled.
[    0.155155] kernel:         Rude variant of Tasks RCU enabled.
[    0.155155] kernel:         Tracing variant of Tasks RCU enabled.
[    0.155156] kernel: rcu: RCU calculated value of scheduler-enlistment delay is 25 jiffies.
[    0.155157] kernel: rcu: Adjusting geometry for rcu_fanout_leaf=16, nr_cpu_ids=16
[    0.161718] kernel: Using NULL legacy PIC
[    0.161723] kernel: NR_IRQS: 524544, nr_irqs: 552, preallocated irqs: 0
[    0.161799] kernel: rcu: srcu_init: Setting srcu_struct sizes based on contention.
[    0.162667] kernel: Console: colour dummy device 80x25
[    0.162704] kernel: ACPI: Core revision 20230628
[    0.162856] kernel: Failed to register legacy timer interrupt
[    0.162857] kernel: APIC: Switch to symmetric I/O mode setup
[    0.165318] kernel: x2apic enabled
[    0.167735] kernel: APIC: Switched APIC routing to: physical x2apic
[    0.167741] kernel: Hyper-V: Host Build 10.0.26100.7824-7-0
[    0.167744] kernel: Hyper-V: enabling crash_kexec_post_notifiers
[    0.167813] kernel: Hyper-V: Disabling IBT because of Hyper-V bug
[    0.167814] kernel: Hyper-V: Using IPI hypercalls
[    0.167817] kernel: APIC: send_IPI() replaced with hv_send_ipi()
[    0.167825] kernel: APIC: send_IPI_mask() replaced with hv_send_ipi_mask()
[    0.167827] kernel: APIC: send_IPI_mask_allbutself() replaced with hv_send_ipi_mask_allbutself()
[    0.167830] kernel: APIC: send_IPI_allbutself() replaced with hv_send_ipi_allbutself()
[    0.167832] kernel: APIC: send_IPI_all() replaced with hv_send_ipi_all()
[    0.167834] kernel: APIC: send_IPI_self() replaced with hv_send_ipi_self()
[    0.167965] kernel: clocksource: tsc-early: mask: 0xffffffffffffffff max_cycles: 0x25a39b8b044, max_idle_ns: 440795284072 ns
[    0.167976] kernel: Calibrating delay loop (skipped), value calculated using timer frequency.. 5222.42 BogoMIPS (lpj=10444848)
[    0.168107] kernel: x86/cpu: User Mode Instruction Prevention (UMIP) activated
[    0.168141] kernel: Last level iTLB entries: 4KB 0, 2MB 0, 4MB 0
[    0.168142] kernel: Last level dTLB entries: 4KB 0, 2MB 0, 4MB 0, 1GB 0
[    0.168150] kernel: Spectre V1 : Mitigation: usercopy/swapgs barriers and __user pointer sanitization
[    0.168154] kernel: Spectre V2 : Mitigation: Enhanced / Automatic IBRS
[    0.168155] kernel: Spectre V2 : Spectre v2 / SpectreRSB mitigation: Filling RSB on context switch
[    0.168156] kernel: Spectre V2 : Spectre v2 / PBRSB-eIBRS: Retire a single CALL on VMEXIT
[    0.168157] kernel: RETBleed: Mitigation: Enhanced IBRS
[    0.168159] kernel: Spectre V2 : mitigation: Enabling conditional Indirect Branch Prediction Barrier
[    0.168161] kernel: Speculative Store Bypass: Mitigation: Speculative Store Bypass disabled via prctl
[    0.168162] kernel: Register File Data Sampling: Mitigation: Clear Register File
[    0.168187] kernel: x86/fpu: Supporting XSAVE feature 0x001: 'x87 floating point registers'
[    0.168189] kernel: x86/fpu: Supporting XSAVE feature 0x002: 'SSE registers'
[    0.168190] kernel: x86/fpu: Supporting XSAVE feature 0x004: 'AVX registers'
[    0.168191] kernel: x86/fpu: Supporting XSAVE feature 0x800: 'Control-flow User registers'
[    0.168193] kernel: x86/fpu: xstate_offset[2]:  576, xstate_sizes[2]:  256
[    0.168194] kernel: x86/fpu: xstate_offset[11]:  832, xstate_sizes[11]:   16
[    0.168196] kernel: x86/fpu: Enabled xstate features 0x807, context size is 848 bytes, using 'compacted' format.
[    0.171971] kernel: Freeing SMP alternatives memory: 44K
[    0.171971] kernel: pid_max: default: 32768 minimum: 301
[    0.171971] kernel: LSM: initializing lsm=capability,landlock,yama,safesetid,selinux,integrity
[    0.171971] kernel: landlock: Up and running.
[    0.171971] kernel: Yama: becoming mindful.
[    0.171971] kernel: SELinux:  Initializing.
[    0.171971] kernel: Mount-cache hash table entries: 16384 (order: 5, 131072 bytes, linear)
[    0.171971] kernel: Mountpoint-cache hash table entries: 16384 (order: 5, 131072 bytes, linear)
[    0.171971] kernel: smpboot: CPU0: 13th Gen Intel(R) Core(TM) i7-1360P (family: 0x6, model: 0xba, stepping: 0x2)
[    0.171971] kernel: RCU Tasks: Setting shift to 4 and lim to 1 rcu_task_cb_adjust=1 rcu_task_cpu_ids=16.
[    0.171971] kernel: RCU Tasks Rude: Setting shift to 4 and lim to 1 rcu_task_cb_adjust=1 rcu_task_cpu_ids=16.
[    0.171971] kernel: RCU Tasks Trace: Setting shift to 4 and lim to 1 rcu_task_cb_adjust=1 rcu_task_cpu_ids=16.
[    0.171971] kernel: Performance Events: unsupported p6 CPU model 186 no PMU driver, software events only.
[    0.171971] kernel: signal: max sigframe size: 1776
[    0.171971] kernel: rcu: Hierarchical SRCU implementation.
[    0.171971] kernel: rcu:         Max phase no-delay instances is 1000.
[    0.171971] kernel: NMI watchdog: Perf NMI watchdog permanently disabled
[    0.171971] kernel: smp: Bringing up secondary CPUs ...
[    0.171971] kernel: smpboot: x86: Booting SMP configuration:
[    0.171971] kernel: .... node  #0, CPUs:        #2  #4  #6  #8 #10 #12 #14  #1  #3  #5  #7  #9 #11 #13 #15
[    0.184471] kernel: smp: Brought up 1 node, 16 CPUs
[    0.184475] kernel: smpboot: Max logical packages: 1
[    0.184476] kernel: smpboot: Total of 16 processors activated (83558.78 BogoMIPS)
[    0.208031] kernel: node 0 deferred pages initialised in 24ms
[    0.209131] kernel: devtmpfs: initialized
[    0.209131] kernel: x86/mm: Memory block size: 128MB
[    0.209131] kernel: clocksource: jiffies: mask: 0xffffffff max_cycles: 0xffffffff, max_idle_ns: 7645041785100000 ns
[    0.209131] kernel: futex hash table entries: 4096 (order: 6, 262144 bytes, linear)
[    0.209131] kernel: pinctrl core: initialized pinctrl subsystem
[    0.214211] kernel: NET: Registered PF_NETLINK/PF_ROUTE protocol family
[    0.215017] kernel: DMA: preallocated 1024 KiB GFP_KERNEL pool for atomic allocations
[    0.215988] kernel: DMA: preallocated 1024 KiB GFP_KERNEL|GFP_DMA32 pool for atomic allocations
[    0.216015] kernel: audit: initializing netlink subsys (disabled)
[    0.216057] kernel: audit: type=2000 audit(1773127807.048:1): state=initialized audit_enabled=0 res=1
[    0.216085] kernel: thermal_sys: Registered thermal governor 'step_wise'
[    0.216088] kernel: thermal_sys: Registered thermal governor 'user_space'
[    0.216103] kernel: cpuidle: using governor ladder
[    0.216107] kernel: cpuidle: using governor menu
[    0.216161] kernel: acpiphp: ACPI Hot Plug PCI Controller Driver version: 0.5
[    0.216293] kernel: dca service started, version 1.12.1
[    0.216306] kernel: PCI: Fatal: No config space access function found
[    0.217336] kernel: kprobes: kprobe jump-optimization is enabled. All kprobes are optimized if possible.
[    0.217358] kernel: HugeTLB: registered 1.00 GiB page size, pre-allocated 0 pages
[    0.217358] kernel: HugeTLB: 16380 KiB vmemmap can be freed for a 1.00 GiB page
[    0.217358] kernel: HugeTLB: registered 2.00 MiB page size, pre-allocated 0 pages
[    0.217358] kernel: HugeTLB: 28 KiB vmemmap can be freed for a 2.00 MiB page
[    0.217358] kernel: cryptd: max_cpu_qlen set to 1000
[    0.220074] kernel: ACPI: Added _OSI(Module Device)
[    0.220075] kernel: ACPI: Added _OSI(Processor Device)
[    0.220076] kernel: ACPI: Added _OSI(3.0 _SCP Extensions)
[    0.220077] kernel: ACPI: Added _OSI(Processor Aggregator Device)
[    0.224636] kernel: ACPI: 1 ACPI AML tables successfully acquired and loaded
[    0.225353] kernel: ACPI: _OSC evaluation for CPUs failed, trying _PDC
[    0.225483] kernel: ACPI: Interpreter enabled
[    0.225489] kernel: ACPI: PM: (supports S0 S5)
[    0.225490] kernel: ACPI: Using IOAPIC for interrupt routing
[    0.225500] kernel: PCI: Using host bridge windows from ACPI; if necessary, use "pci=nocrs" and report a bug
[    0.225501] kernel: PCI: Using E820 reservations for host bridge windows
[    0.225655] kernel: ACPI: Enabled 2 GPEs in block 00 to 0F
[    0.227979] kernel: iommu: Default domain type: Translated
[    0.227983] kernel: iommu: DMA domain TLB invalidation policy: lazy mode
[    0.228193] kernel: SCSI subsystem initialized
[    0.228218] kernel: libata version 3.00 loaded.
[    0.228218] kernel: pps_core: LinuxPPS API ver. 1 registered
[    0.228218] kernel: pps_core: Software ver. 5.3.6 - Copyright 2005-2007 Rodolfo Giometti <giometti@linux.it>
[    0.228218] kernel: PTP clock support registered
[    0.228218] kernel: EDAC MC: Ver: 3.0.0
[    0.252095] kernel: hv_vmbus: Vmbus version:5.3
[    0.252250] kernel: hv_vmbus: Unknown GUID: 6e382d18-3336-4f4b-acc4-2b7703d4df4a
[    0.252312] kernel: hv_vmbus: Unknown GUID: dde9cbc0-5060-4436-9448-ea1254a5d177
[    0.253131] kernel: NetLabel: Initializing
[    0.253133] kernel: NetLabel:  domain hash size = 128
[    0.253134] kernel: NetLabel:  protocols = UNLABELED CIPSOv4 CALIPSO
[    0.253149] kernel: NetLabel:  unlabeled traffic allowed by default
[    0.253151] kernel: PCI: Using ACPI for IRQ routing
[    0.253153] kernel: PCI: System does not support PCI
[    0.256126] kernel: vgaarb: loaded
[    0.256707] kernel: clocksource: Switched to clocksource tsc-early
[    0.256890] kernel: VFS: Disk quotas dquot_6.6.0
[    0.256907] kernel: VFS: Dquot-cache hash table entries: 512 (order 0, 4096 bytes)
[    0.257009] kernel: FS-Cache: Loaded
[    0.257064] kernel: pnp: PnP ACPI init
[    0.257527] kernel: pnp: PnP ACPI: found 1 devices
[    0.268936] kernel: clocksource: acpi_pm: mask: 0xffffff max_cycles: 0xffffff, max_idle_ns: 2085701024 ns
[    0.269079] kernel: NET: Registered PF_INET protocol family
[    0.269682] kernel: IP idents hash table entries: 131072 (order: 8, 1048576 bytes, linear)
[    0.271128] kernel: tcp_listen_portaddr_hash hash table entries: 4096 (order: 4, 65536 bytes, linear)
[    0.271276] kernel: Table-perturb hash table entries: 65536 (order: 6, 262144 bytes, linear)
[    0.271553] kernel: TCP established hash table entries: 65536 (order: 7, 524288 bytes, linear)
[    0.272765] kernel: TCP bind hash table entries: 65536 (order: 9, 2097152 bytes, linear)
[    0.272939] kernel: TCP: Hash tables configured (established 65536 bind 65536)
[    0.273147] kernel: UDP hash table entries: 4096 (order: 5, 131072 bytes, linear)
[    0.273224] kernel: UDP-Lite hash table entries: 4096 (order: 5, 131072 bytes, linear)
[    0.273286] kernel: NET: Registered PF_UNIX/PF_LOCAL protocol family
[    0.273295] kernel: NET: Registered PF_XDP protocol family
[    0.273300] kernel: PCI: CLS 0 bytes, default 64
[    0.273334] kernel: PCI-DMA: Using software bounce buffering for IO (SWIOTLB)
[    0.273335] kernel: software IO TLB: mapped [mem 0x00000000f4000000-0x00000000f8000000] (64MB)
[    0.273547] kernel: Trying to unpack rootfs image as initramfs...
[    0.277643] kernel: Freeing initrd memory: 2664K
[    0.278507] kernel: RAPL PMU: API unit is 2^-32 Joules, 0 fixed counters, 10737418240 ms ovfl timer
[    0.278526] kernel: clocksource: tsc: mask: 0xffffffffffffffff max_cycles: 0x25a39b8b044, max_idle_ns: 440795284072 ns
[    0.279133] kernel: clocksource: Switched to clocksource tsc
[    0.280678] kernel: Initialise system trusted keyrings
[    0.280692] kernel: Key type blacklist registered
[    0.280980] kernel: workingset: timestamp_bits=36 max_order=21 bucket_order=0
[    0.281311] kernel: squashfs: version 4.0 (2009/01/31) Phillip Lougher
[    0.281326] kernel: fuse: init (API version 7.39)
[    0.281513] kernel: SGI XFS with ACLs, security attributes, realtime, verbose warnings, quota, no debug enabled
[    0.281983] kernel: 9p: Installing v9fs 9p2000 file system support
[    0.292321] kernel: Key type asymmetric registered
[    0.292325] kernel: Asymmetric key parser 'x509' registered
[    0.292401] kernel: Block layer SCSI generic (bsg) driver version 0.4 loaded (major 245)
[    0.292577] kernel: io scheduler mq-deadline registered
[    0.292582] kernel: io scheduler kyber registered
[    0.298573] kernel: hv_vmbus: registering driver hv_pci
[    0.299203] kernel: hv_pci c4b741f5-5582-4c98-8f8b-2e082933c396: PCI VMBus probing: Using version 0x10004
[    0.300583] kernel: hv_pci c4b741f5-5582-4c98-8f8b-2e082933c396: PCI host bridge to bus 5582:00
[    0.300588] kernel: pci_bus 5582:00: root bus resource [mem 0x9ffe00000-0x9ffe02fff window]
[    0.300592] kernel: pci_bus 5582:00: No busn resource found for root bus, will use [bus 00-ff]
[    0.301653] kernel: pci 5582:00:00.0: [1af4:1043] type 00 class 0x010000
[    0.302744] kernel: pci 5582:00:00.0: reg 0x10: [mem 0x9ffe00000-0x9ffe00fff 64bit]
[    0.303292] kernel: pci 5582:00:00.0: reg 0x18: [mem 0x9ffe01000-0x9ffe01fff 64bit]
[    0.303864] kernel: pci 5582:00:00.0: reg 0x20: [mem 0x9ffe02000-0x9ffe02fff 64bit]
[    0.307848] kernel: pci_bus 5582:00: busn_res: [bus 00-ff] end is updated to 00
[    0.307860] kernel: pci 5582:00:00.0: BAR 0: assigned [mem 0x9ffe00000-0x9ffe00fff 64bit]
[    0.308267] kernel: pci 5582:00:00.0: BAR 2: assigned [mem 0x9ffe01000-0x9ffe01fff 64bit]
[    0.308671] kernel: pci 5582:00:00.0: BAR 4: assigned [mem 0x9ffe02000-0x9ffe02fff 64bit]
[    0.309910] kernel: hv_pci 297070b5-3803-4d01-8f09-a0a493990140: PCI VMBus probing: Using version 0x10004
[    0.311084] kernel: hv_pci 297070b5-3803-4d01-8f09-a0a493990140: PCI host bridge to bus 3803:00
[    0.311090] kernel: pci_bus 3803:00: No busn resource found for root bus, will use [bus 00-ff]
[    0.312307] kernel: pci 3803:00:00.0: [1414:008e] type 00 class 0x030200
[    0.318412] kernel: pci_bus 3803:00: busn_res: [bus 00-ff] end is updated to 00
[    0.319768] kernel: ioatdma: Intel(R) QuickData Technology Driver 5.00
[    0.320153] kernel: virtio-pci 5582:00:00.0: enabling device (0000 -> 0002)
[    0.327866] kernel: Serial: 8250/16550 driver, 8 ports, IRQ sharing enabled
[    0.400077] kernel: Linux agpgart interface v0.103
[    0.400102] kernel: AMD-Vi: AMD IOMMUv2 functionality not available on this system - This is not a bug.
[    0.400112] kernel: ACPI: bus type drm_connector registered
[    0.401998] kernel: printk: console [hvc0] enabled
[    0.407323] kernel: brd: module loaded
[    0.411825] kernel: loop: module loaded
[    0.412200] kernel: Loading iSCSI transport class v2.0-870.
[    0.413243] kernel: rdac: device handler registered
[    0.414221] kernel: Microchip SmartPQI Driver (v2.1.24-046)
[    0.414886] kernel: VMware PVSCSI driver - version 1.0.7.0-k
[    0.415281] kernel: hv_vmbus: registering driver hv_storvsc
[    0.416567] kernel: PPP generic driver version 2.4.2
[    0.416997] kernel: VMware vmxnet3 virtual NIC driver - version 1.7.0.0-k-NAPI
[    0.417335] kernel: hv_vmbus: registering driver hv_netvsc
[    0.417739] kernel: scsi host0: storvsc_host_t
[    0.417749] kernel: Fusion MPT base driver 3.04.20
[    0.418171] kernel: Copyright (c) 1999-2008 LSI Corporation
[    0.418420] kernel: Fusion MPT SPI Host driver 3.04.20
[    0.418691] kernel: Fusion MPT SAS Host driver 3.04.20
[    0.418942] kernel: Fusion MPT misc device (ioctl) driver 3.04.20
[    0.419298] kernel: mptctl: Registered with Fusion MPT base driver
[    0.419722] kernel: mptctl: /dev/mptctl @ (major,minor=10,220)
[    0.420128] kernel: i8042: PNP: No PS/2 controller found.
[    0.420494] kernel: hv_vmbus: registering driver hyperv_keyboard
[    0.420864] kernel: rtc_cmos 00:00: RTC can wake from S4
[    0.423058] kernel: rtc_cmos 00:00: registered as rtc0
[    0.423713] kernel: rtc_cmos 00:00: setting system clock to 2026-03-10T07:30:07 UTC (1773127807)
[    0.424556] kernel: rtc_cmos 00:00: alarms up to one month, 114 bytes nvram
[    0.425049] kernel: device-mapper: core: CONFIG_IMA_DISABLE_HTABLE is disabled. Duplicate IMA measurements will not be recorded in the IMA log.
[    0.426164] kernel: device-mapper: uevent: version 1.0.3
[    0.427036] kernel: device-mapper: ioctl: 4.48.0-ioctl (2023-03-01) initialised: dm-devel@redhat.com
[    0.427839] kernel: intel_pstate: CPU model not supported
[    0.428403] kernel: hv_utils: Registering HyperV Utility Driver
[    0.428740] kernel: hv_vmbus: registering driver hv_utils
[    0.429060] kernel: hv_vmbus: registering driver hv_balloon
[    0.429583] kernel: hv_vmbus: registering driver dxgkrnl
[    0.431070] kernel: drop_monitor: Initializing network drop monitor service
[    0.431196] kernel: hv_utils: TimeSync IC version 4.0
[    0.432143] kernel: hv_balloon: Using Dynamic Memory protocol version 2.0
[    0.434133] kernel: Free page reporting enabled
[    0.434557] kernel: hv_balloon: Cold memory discard hint enabled with order 9
[    0.454179] kernel: NET: Registered PF_INET6 protocol family
[    0.455804] kernel: Segment Routing with IPv6
[    0.456042] kernel: In-situ OAM (IOAM) with IPv6
[    0.456269] kernel: NET: Registered PF_PACKET protocol family
[    0.456646] kernel: 9pnet: Installing 9P2000 support
[    0.457130] kernel: NET: Registered PF_VSOCK protocol family
[    0.457705] kernel: hv_vmbus: registering driver hv_sock
[    0.459531] kernel: IPI shorthand broadcast: enabled
[    0.459947] kernel: AVX2 version of gcm_enc/dec engaged.
[    0.462132] kernel: AES CTR mode by8 optimization enabled
[    0.465071] kernel: sched_clock: Marking stable (456043144, 5479282)->(488942306, -27419880)
[    0.466855] kernel: registered taskstats version 1
[    0.467317] kernel: Loading compiled-in X.509 certificates
[    0.470245] kernel: ima: No TPM chip found, activating TPM-bypass!
[    0.471167] kernel: ima: Allocated hash algorithm: sha256
[    0.471879] kernel: ima: No architecture policies found
[    0.578579] kernel: RAS: Correctable Errors collector initialized.
[    0.579726] kernel: clk: Disabling unused clocks
[    0.591575] kernel: Freeing unused decrypted memory: 2028K
[    0.593111] kernel: Freeing unused kernel image (initmem) memory: 4492K
[    0.593686] kernel: Write protecting the kernel read-only data: 34816k
[    0.595538] kernel: Freeing unused kernel image (rodata/data gap) memory: 840K
[    0.596433] kernel: Run /init as init process
[    0.597091] kernel:   with arguments:
[    0.598255] kernel:     /init
[    0.598623] kernel:   with environment:
[    0.599031] kernel:     HOME=/
[    0.599270] kernel:     TERM=linux
[    0.599611] kernel:     WSL_ROOT_INIT=1
[    0.599892] kernel:     WSL_ENABLE_CRASH_DUMP=1
[    0.875966] kernel: scsi 0:0:0:0: Direct-Access     Msft     Virtual Disk     1.0  PQ: 0 ANSI: 5
[    0.893455] kernel: scsi 0:0:0:1: Direct-Access     Msft     Virtual Disk     1.0  PQ: 0 ANSI: 5
[    0.929050] kernel: sd 0:0:0:0: Attached scsi generic sg0 type 0
[    0.930068] kernel: sd 0:0:0:0: [sda] 795536 512-byte logical blocks: (407 MB/388 MiB)
[    0.931286] kernel: sd 0:0:0:1: Attached scsi generic sg1 type 0
[    0.932972] kernel: sd 0:0:0:0: [sda] Write Protect is on
[    0.934450] kernel: sd 0:0:0:1: [sdb] 381016 512-byte logical blocks: (195 MB/186 MiB)
[    0.935911] kernel: sd 0:0:0:0: [sda] Mode Sense: 0f 00 80 00
[    0.937539] kernel: scsi 0:0:0:2: Direct-Access     Msft     Virtual Disk     1.0  PQ: 0 ANSI: 5
[    0.938820] kernel: sd 0:0:0:1: [sdb] Write Protect is on
[    0.940518] kernel: sd 0:0:0:0: [sda] Write cache: disabled, read cache: enabled, doesn't support DPO or FUA
[    0.941951] kernel: sd 0:0:0:1: [sdb] Mode Sense: 0f 00 80 00
[    0.948533] kernel: sd 0:0:0:1: [sdb] Write cache: disabled, read cache: enabled, doesn't support DPO or FUA
[    0.949838] kernel: sd 0:0:0:0: [sda] Attached SCSI disk
[    0.956994] kernel: sd 0:0:0:1: [sdb] Attached SCSI disk
[    0.963978] kernel: sd 0:0:0:2: Attached scsi generic sg2 type 0
[    0.964836] kernel: sd 0:0:0:2: [sdc] 4194312 512-byte logical blocks: (2.15 GB/2.00 GiB)
[    0.966727] kernel: sd 0:0:0:2: [sdc] 4096-byte physical blocks
[    0.968182] kernel: sd 0:0:0:2: [sdc] Write Protect is off
[    0.969343] kernel: sd 0:0:0:2: [sdc] Mode Sense: 0f 00 00 00
[    0.971459] kernel: sd 0:0:0:2: [sdc] Write cache: enabled, read cache: enabled, doesn't support DPO or FUA
[    0.977568] kernel: sd 0:0:0:2: [sdc] Attached SCSI disk
[    1.114819] kernel: EXT4-fs (sda): mounted filesystem 00000000-0000-0000-0000-000000000000 ro without journal. Quota mode: none.
[    1.122139] kernel: EXT4-fs (sdb): mounted filesystem 00000000-0000-0000-0000-000000000000 ro without journal. Quota mode: none.
[    1.193369] kernel: tun: Universal TUN/TAP device driver, 1.6
[    1.210680] kernel: Adding 2097152k swap on /dev/sdc.  Priority:-2 extents:1 across:2097152k
[    1.247497] kernel: bridge: filtering via arp/ip/ip6tables is no longer available by default. Update your scripts to load br_netfilter if you need this.
[    1.251490] kernel: Bridge firewalling registered
[    3.396708] kernel: hv_pci bc952689-8d0e-4542-b8f7-0b211ae95067: PCI VMBus probing: Using version 0x10004
[    3.399760] kernel: hv_pci bc952689-8d0e-4542-b8f7-0b211ae95067: PCI host bridge to bus 8d0e:00
[    3.401392] kernel: pci_bus 8d0e:00: root bus resource [mem 0xc00000000-0xe00001fff window]
[    3.402712] kernel: pci_bus 8d0e:00: No busn resource found for root bus, will use [bus 00-ff]
[    3.406980] kernel: pci 8d0e:00:00.0: [1af4:105a] type 00 class 0x088000
[    3.409668] kernel: pci 8d0e:00:00.0: reg 0x10: [mem 0xe00000000-0xe00000fff 64bit]
[    3.411654] kernel: pci 8d0e:00:00.0: reg 0x18: [mem 0xe00001000-0xe00001fff 64bit]
[    3.414494] kernel: pci 8d0e:00:00.0: reg 0x20: [mem 0xc00000000-0xdffffffff 64bit]
[    3.423244] kernel: pci_bus 8d0e:00: busn_res: [bus 00-ff] end is updated to 00
[    3.424468] kernel: pci 8d0e:00:00.0: BAR 4: assigned [mem 0xc00000000-0xdffffffff 64bit]
[    3.426045] kernel: pci 8d0e:00:00.0: BAR 0: assigned [mem 0xe00000000-0xe00000fff 64bit]
[    3.427745] kernel: pci 8d0e:00:00.0: BAR 2: assigned [mem 0xe00001000-0xe00001fff 64bit]
[    3.430461] kernel: virtio-pci 8d0e:00:00.0: enabling device (0000 -> 0002)
[    3.468228] kernel: virtiofs virtio1: Cache len: 0x200000000 @ 0xc00000000
[    3.941468] kernel: scsi 0:0:0:3: Direct-Access     Msft     Virtual Disk     1.0  PQ: 0 ANSI: 5
[    3.960902] kernel: sd 0:0:0:3: Attached scsi generic sg3 type 0
[    3.961268] kernel: sd 0:0:0:3: [sdd] 2147483648 512-byte logical blocks: (1.10 TB/1.00 TiB)
[    3.964994] kernel: sd 0:0:0:3: [sdd] 4096-byte physical blocks
[    3.967540] kernel: sd 0:0:0:3: [sdd] Write Protect is off
[    3.969328] kernel: sd 0:0:0:3: [sdd] Mode Sense: 0f 00 00 00
[    3.972076] kernel: sd 0:0:0:3: [sdd] Write cache: enabled, read cache: enabled, doesn't support DPO or FUA
[    3.980276] kernel: sd 0:0:0:3: [sdd] Attached SCSI disk
[    4.002250] kernel: EXT4-fs (sdd): mounted filesystem 46d769f6-ac9d-4e12-9c2f-544fdd33a2ed r/w with ordered data mode. Quota mode: none.
[    4.952334] kernel: pulseaudio[301]: memfd_create() called without MFD_EXEC or MFD_NOEXEC_SEAL set
[    5.010745] unknown: WSL (2 - init-systemd(Ubuntu)) WARNING: /usr/share/zoneinfo/Asia/Calcutta not found. Is the tzdata package installed?
[    5.305994] kernel: misc dxg: dxgk: dxgkio_is_feature_enabled: Ioctl failed: -22
[    5.310129] kernel: misc dxg: dxgk: dxgkio_query_adapter_info: Ioctl failed: -22
[    5.311840] kernel: misc dxg: dxgk: dxgkio_query_adapter_info: Ioctl failed: -22
[    5.313356] kernel: misc dxg: dxgk: dxgkio_query_adapter_info: Ioctl failed: -22
[    5.315180] kernel: misc dxg: dxgk: dxgkio_query_adapter_info: Ioctl failed: -2
[    5.389801] unknown: Failed to connect to bus: No such file or directory
[    5.535203] systemd-journald[42]: Collecting audit messages is disabled.
[    5.608636] systemd-journald[42]: Received client request to flush runtime journal.
[    5.611582] systemd-journald[42]: File /var/log/journal/20b2f6836a52494f94ee836dc1778623/system.journal corrupted or uncleanly shut down, renaming and replacing.
[    5.814097] kernel: ACPI: AC: AC Adapter [AC1] (on-line)
[    5.848034] kernel: ACPI: battery: Slot [BAT1] (battery present)
[    6.177165] kernel: kvm_intel: Using Hyper-V Enlightened VMCS
[    6.340977] kernel: intel_rapl_msr: PL4 support detected.
